
 -------------------------------------------------------------
 -                                                           -
 -             Welcome to TANES version 1.1                  -
 -                                                           -
 -                (Version Feb. 18, 2025)                    -
 -  (C) Copyright 2007-2025. Rochman, All Rights Reserved    -
 -                                                           -
 -------------------------------------------------------------


   Compiled on:         Apr 25 2025, 10:33:13
   Compiled by:         koning
   System:              Darwin 21.6.0
   System version:      Darwin Kernel Version 21.6.0: Mon Jun 24 00:56:10 PDT 2024; root:xnu-8020.240.18.709.2~1/RELEASE_X86_64  
   Machine:             x86_64 
   Source location:     /Users/koning/tanes-1.1/source/Module/
   Binaries location:   /Users/koning/bin


Starting time: Fri Apr 25 22:00:17 2025
          --> Isotope name: U

       ###############################################
       #             Input definition                #
       ###############################################

Tanes called with command line: tanes tanes.inp 
Mass      = 233
Charge    = 92
Reference = endfb8.0
Model     = Los Alamos model
Random    = 20 random files
Default random generator seed chosen: current time

       ###############################################
       #           End of Input definition           #
       ###############################################

MT3 for 92233 not found
MT  3 19 for 92233 not found
MT3 for 92233 not found
MT  3 20 for 92233 not found
Create input file for pfns for k= 0 and energy number 0 (out of 10)
------LF=  1 , representation as tabulated values
------Energy 1e-11 MeV found
 ... calculate ratios
MT3 for 92233 not found
MT  3 19 for 92233 not found
MT3 for 92233 not found
MT  3 20 for 92233 not found
Create input file for pfns for k= 1 and energy number 0 (out of 10)
MT3 for 92233 not found
MT  3 19 for 92233 not found
MT3 for 92233 not found
MT  3 20 for 92233 not found
Create input file for pfns for k= 2 and energy number 0 (out of 10)
MT3 for 92233 not found
MT  3 19 for 92233 not found
MT3 for 92233 not found
MT  3 20 for 92233 not found
Create input file for pfns for k= 3 and energy number 0 (out of 10)
MT3 for 92233 not found
MT  3 19 for 92233 not found
MT3 for 92233 not found
MT  3 20 for 92233 not found
Create input file for pfns for k= 4 and energy number 0 (out of 10)
MT3 for 92233 not found
MT  3 19 for 92233 not found
MT3 for 92233 not found
MT  3 20 for 92233 not found
Create input file for pfns for k= 5 and energy number 0 (out of 10)
MT3 for 92233 not found
MT  3 19 for 92233 not found
MT3 for 92233 not found
MT  3 20 for 92233 not found
Create input file for pfns for k= 6 and energy number 0 (out of 10)
MT3 for 92233 not found
MT  3 19 for 92233 not found
MT3 for 92233 not found
MT  3 20 for 92233 not found
Create input file for pfns for k= 7 and energy number 0 (out of 10)
MT3 for 92233 not found
MT  3 19 for 92233 not found
MT3 for 92233 not found
MT  3 20 for 92233 not found
Create input file for pfns for k= 8 and energy number 0 (out of 10)
MT3 for 92233 not found
MT  3 19 for 92233 not found
MT3 for 92233 not found
MT  3 20 for 92233 not found
Create input file for pfns for k= 9 and energy number 0 (out of 10)
MT3 for 92233 not found
MT  3 19 for 92233 not found
MT3 for 92233 not found
MT  3 20 for 92233 not found
Create input file for pfns for k= 10 and energy number 0 (out of 10)
MT3 for 92233 not found
MT  3 19 for 92233 not found
MT3 for 92233 not found
MT  3 20 for 92233 not found
Create input file for pfns for k= 11 and energy number 0 (out of 10)
MT3 for 92233 not found
MT  3 19 for 92233 not found
MT3 for 92233 not found
MT  3 20 for 92233 not found
Create input file for pfns for k= 12 and energy number 0 (out of 10)
MT3 for 92233 not found
MT  3 19 for 92233 not found
MT3 for 92233 not found
MT  3 20 for 92233 not found
Create input file for pfns for k= 13 and energy number 0 (out of 10)
MT3 for 92233 not found
MT  3 19 for 92233 not found
MT3 for 92233 not found
MT  3 20 for 92233 not found
Create input file for pfns for k= 14 and energy number 0 (out of 10)
MT3 for 92233 not found
MT  3 19 for 92233 not found
MT3 for 92233 not found
MT  3 20 for 92233 not found
Create input file for pfns for k= 15 and energy number 0 (out of 10)
MT3 for 92233 not found
MT  3 19 for 92233 not found
MT3 for 92233 not found
MT  3 20 for 92233 not found
Create input file for pfns for k= 16 and energy number 0 (out of 10)
MT3 for 92233 not found
MT  3 19 for 92233 not found
MT3 for 92233 not found
MT  3 20 for 92233 not found
Create input file for pfns for k= 17 and energy number 0 (out of 10)
MT3 for 92233 not found
MT  3 19 for 92233 not found
MT3 for 92233 not found
MT  3 20 for 92233 not found
Create input file for pfns for k= 18 and energy number 0 (out of 10)
MT3 for 92233 not found
MT  3 19 for 92233 not found
MT3 for 92233 not found
MT  3 20 for 92233 not found
Create input file for pfns for k= 19 and energy number 0 (out of 10)
MT3 for 92233 not found
MT  3 19 for 92233 not found
MT3 for 92233 not found
MT  3 20 for 92233 not found
Create input file for pfns for k= 20 and energy number 0 (out of 10)
MT3 for 92233 not found
MT  3 19 for 92233 not found
MT3 for 92233 not found
MT  3 20 for 92233 not found
Create input file for pfns for k= 0 and energy number 1 (out of 10)
------LF=  1 , representation as tabulated values
------Energy 1.5 MeV found
 ... calculate ratios
MT3 for 92233 not found
MT  3 19 for 92233 not found
MT3 for 92233 not found
MT  3 20 for 92233 not found
Create input file for pfns for k= 1 and energy number 1 (out of 10)
MT3 for 92233 not found
MT  3 19 for 92233 not found
MT3 for 92233 not found
MT  3 20 for 92233 not found
Create input file for pfns for k= 2 and energy number 1 (out of 10)
MT3 for 92233 not found
MT  3 19 for 92233 not found
MT3 for 92233 not found
MT  3 20 for 92233 not found
Create input file for pfns for k= 3 and energy number 1 (out of 10)
MT3 for 92233 not found
MT  3 19 for 92233 not found
MT3 for 92233 not found
MT  3 20 for 92233 not found
Create input file for pfns for k= 4 and energy number 1 (out of 10)
MT3 for 92233 not found
MT  3 19 for 92233 not found
MT3 for 92233 not found
MT  3 20 for 92233 not found
Create input file for pfns for k= 5 and energy number 1 (out of 10)
MT3 for 92233 not found
MT  3 19 for 92233 not found
MT3 for 92233 not found
MT  3 20 for 92233 not found
Create input file for pfns for k= 6 and energy number 1 (out of 10)
MT3 for 92233 not found
MT  3 19 for 92233 not found
MT3 for 92233 not found
MT  3 20 for 92233 not found
Create input file for pfns for k= 7 and energy number 1 (out of 10)
MT3 for 92233 not found
MT  3 19 for 92233 not found
MT3 for 92233 not found
MT  3 20 for 92233 not found
Create input file for pfns for k= 8 and energy number 1 (out of 10)
MT3 for 92233 not found
MT  3 19 for 92233 not found
MT3 for 92233 not found
MT  3 20 for 92233 not found
Create input file for pfns for k= 9 and energy number 1 (out of 10)
MT3 for 92233 not found
MT  3 19 for 92233 not found
MT3 for 92233 not found
MT  3 20 for 92233 not found
Create input file for pfns for k= 10 and energy number 1 (out of 10)
MT3 for 92233 not found
MT  3 19 for 92233 not found
MT3 for 92233 not found
MT  3 20 for 92233 not found
Create input file for pfns for k= 11 and energy number 1 (out of 10)
MT3 for 92233 not found
MT  3 19 for 92233 not found
MT3 for 92233 not found
MT  3 20 for 92233 not found
Create input file for pfns for k= 12 and energy number 1 (out of 10)
MT3 for 92233 not found
MT  3 19 for 92233 not found
MT3 for 92233 not found
MT  3 20 for 92233 not found
Create input file for pfns for k= 13 and energy number 1 (out of 10)
MT3 for 92233 not found
MT  3 19 for 92233 not found
MT3 for 92233 not found
MT  3 20 for 92233 not found
Create input file for pfns for k= 14 and energy number 1 (out of 10)
MT3 for 92233 not found
MT  3 19 for 92233 not found
MT3 for 92233 not found
MT  3 20 for 92233 not found
Create input file for pfns for k= 15 and energy number 1 (out of 10)
MT3 for 92233 not found
MT  3 19 for 92233 not found
MT3 for 92233 not found
MT  3 20 for 92233 not found
Create input file for pfns for k= 16 and energy number 1 (out of 10)
MT3 for 92233 not found
MT  3 19 for 92233 not found
MT3 for 92233 not found
MT  3 20 for 92233 not found
Create input file for pfns for k= 17 and energy number 1 (out of 10)
MT3 for 92233 not found
MT  3 19 for 92233 not found
MT3 for 92233 not found
MT  3 20 for 92233 not found
Create input file for pfns for k= 18 and energy number 1 (out of 10)
MT3 for 92233 not found
MT  3 19 for 92233 not found
MT3 for 92233 not found
MT  3 20 for 92233 not found
Create input file for pfns for k= 19 and energy number 1 (out of 10)
MT3 for 92233 not found
MT  3 19 for 92233 not found
MT3 for 92233 not found
MT  3 20 for 92233 not found
Create input file for pfns for k= 20 and energy number 1 (out of 10)
MT3 for 92233 not found
MT  3 19 for 92233 not found
MT3 for 92233 not found
MT  3 20 for 92233 not found
Create input file for pfns for k= 0 and energy number 2 (out of 10)
------LF=  1 , representation as tabulated values
------Energy 2.0 MeV found
 ... calculate ratios
MT3 for 92233 not found
MT  3 19 for 92233 not found
MT3 for 92233 not found
MT  3 20 for 92233 not found
Create input file for pfns for k= 1 and energy number 2 (out of 10)
MT3 for 92233 not found
MT  3 19 for 92233 not found
MT3 for 92233 not found
MT  3 20 for 92233 not found
Create input file for pfns for k= 2 and energy number 2 (out of 10)
MT3 for 92233 not found
MT  3 19 for 92233 not found
MT3 for 92233 not found
MT  3 20 for 92233 not found
Create input file for pfns for k= 3 and energy number 2 (out of 10)
MT3 for 92233 not found
MT  3 19 for 92233 not found
MT3 for 92233 not found
MT  3 20 for 92233 not found
Create input file for pfns for k= 4 and energy number 2 (out of 10)
MT3 for 92233 not found
MT  3 19 for 92233 not found
MT3 for 92233 not found
MT  3 20 for 92233 not found
Create input file for pfns for k= 5 and energy number 2 (out of 10)
MT3 for 92233 not found
MT  3 19 for 92233 not found
MT3 for 92233 not found
MT  3 20 for 92233 not found
Create input file for pfns for k= 6 and energy number 2 (out of 10)
MT3 for 92233 not found
MT  3 19 for 92233 not found
MT3 for 92233 not found
MT  3 20 for 92233 not found
Create input file for pfns for k= 7 and energy number 2 (out of 10)
MT3 for 92233 not found
MT  3 19 for 92233 not found
MT3 for 92233 not found
MT  3 20 for 92233 not found
Create input file for pfns for k= 8 and energy number 2 (out of 10)
MT3 for 92233 not found
MT  3 19 for 92233 not found
MT3 for 92233 not found
MT  3 20 for 92233 not found
Create input file for pfns for k= 9 and energy number 2 (out of 10)
MT3 for 92233 not found
MT  3 19 for 92233 not found
MT3 for 92233 not found
MT  3 20 for 92233 not found
Create input file for pfns for k= 10 and energy number 2 (out of 10)
MT3 for 92233 not found
MT  3 19 for 92233 not found
MT3 for 92233 not found
MT  3 20 for 92233 not found
Create input file for pfns for k= 11 and energy number 2 (out of 10)
MT3 for 92233 not found
MT  3 19 for 92233 not found
MT3 for 92233 not found
MT  3 20 for 92233 not found
Create input file for pfns for k= 12 and energy number 2 (out of 10)
MT3 for 92233 not found
MT  3 19 for 92233 not found
MT3 for 92233 not found
MT  3 20 for 92233 not found
Create input file for pfns for k= 13 and energy number 2 (out of 10)
MT3 for 92233 not found
MT  3 19 for 92233 not found
MT3 for 92233 not found
MT  3 20 for 92233 not found
Create input file for pfns for k= 14 and energy number 2 (out of 10)
MT3 for 92233 not found
MT  3 19 for 92233 not found
MT3 for 92233 not found
MT  3 20 for 92233 not found
Create input file for pfns for k= 15 and energy number 2 (out of 10)
MT3 for 92233 not found
MT  3 19 for 92233 not found
MT3 for 92233 not found
MT  3 20 for 92233 not found
Create input file for pfns for k= 16 and energy number 2 (out of 10)
MT3 for 92233 not found
MT  3 19 for 92233 not found
MT3 for 92233 not found
MT  3 20 for 92233 not found
Create input file for pfns for k= 17 and energy number 2 (out of 10)
MT3 for 92233 not found
MT  3 19 for 92233 not found
MT3 for 92233 not found
MT  3 20 for 92233 not found
Create input file for pfns for k= 18 and energy number 2 (out of 10)
MT3 for 92233 not found
MT  3 19 for 92233 not found
MT3 for 92233 not found
MT  3 20 for 92233 not found
Create input file for pfns for k= 19 and energy number 2 (out of 10)
MT3 for 92233 not found
MT  3 19 for 92233 not found
MT3 for 92233 not found
MT  3 20 for 92233 not found
Create input file for pfns for k= 20 and energy number 2 (out of 10)
MT3 for 92233 not found
MT  3 19 for 92233 not found
MT3 for 92233 not found
MT  3 20 for 92233 not found
Create input file for pfns for k= 0 and energy number 3 (out of 10)
------LF=  1 , representation as tabulated values
------Energy 5.0 MeV found
 ... calculate ratios
MT3 for 92233 not found
MT  3 19 for 92233 not found
MT3 for 92233 not found
MT  3 20 for 92233 not found
Create input file for pfns for k= 1 and energy number 3 (out of 10)
MT3 for 92233 not found
MT  3 19 for 92233 not found
MT3 for 92233 not found
MT  3 20 for 92233 not found
Create input file for pfns for k= 2 and energy number 3 (out of 10)
MT3 for 92233 not found
MT  3 19 for 92233 not found
MT3 for 92233 not found
MT  3 20 for 92233 not found
Create input file for pfns for k= 3 and energy number 3 (out of 10)
MT3 for 92233 not found
MT  3 19 for 92233 not found
MT3 for 92233 not found
MT  3 20 for 92233 not found
Create input file for pfns for k= 4 and energy number 3 (out of 10)
MT3 for 92233 not found
MT  3 19 for 92233 not found
MT3 for 92233 not found
MT  3 20 for 92233 not found
Create input file for pfns for k= 5 and energy number 3 (out of 10)
MT3 for 92233 not found
MT  3 19 for 92233 not found
MT3 for 92233 not found
MT  3 20 for 92233 not found
Create input file for pfns for k= 6 and energy number 3 (out of 10)
MT3 for 92233 not found
MT  3 19 for 92233 not found
MT3 for 92233 not found
MT  3 20 for 92233 not found
Create input file for pfns for k= 7 and energy number 3 (out of 10)
MT3 for 92233 not found
MT  3 19 for 92233 not found
MT3 for 92233 not found
MT  3 20 for 92233 not found
Create input file for pfns for k= 8 and energy number 3 (out of 10)
MT3 for 92233 not found
MT  3 19 for 92233 not found
MT3 for 92233 not found
MT  3 20 for 92233 not found
Create input file for pfns for k= 9 and energy number 3 (out of 10)
MT3 for 92233 not found
MT  3 19 for 92233 not found
MT3 for 92233 not found
MT  3 20 for 92233 not found
Create input file for pfns for k= 10 and energy number 3 (out of 10)
MT3 for 92233 not found
MT  3 19 for 92233 not found
MT3 for 92233 not found
MT  3 20 for 92233 not found
Create input file for pfns for k= 11 and energy number 3 (out of 10)
MT3 for 92233 not found
MT  3 19 for 92233 not found
MT3 for 92233 not found
MT  3 20 for 92233 not found
Create input file for pfns for k= 12 and energy number 3 (out of 10)
MT3 for 92233 not found
MT  3 19 for 92233 not found
MT3 for 92233 not found
MT  3 20 for 92233 not found
Create input file for pfns for k= 13 and energy number 3 (out of 10)
MT3 for 92233 not found
MT  3 19 for 92233 not found
MT3 for 92233 not found
MT  3 20 for 92233 not found
Create input file for pfns for k= 14 and energy number 3 (out of 10)
MT3 for 92233 not found
MT  3 19 for 92233 not found
MT3 for 92233 not found
MT  3 20 for 92233 not found
Create input file for pfns for k= 15 and energy number 3 (out of 10)
MT3 for 92233 not found
MT  3 19 for 92233 not found
MT3 for 92233 not found
MT  3 20 for 92233 not found
Create input file for pfns for k= 16 and energy number 3 (out of 10)
MT3 for 92233 not found
MT  3 19 for 92233 not found
MT3 for 92233 not found
MT  3 20 for 92233 not found
Create input file for pfns for k= 17 and energy number 3 (out of 10)
MT3 for 92233 not found
MT  3 19 for 92233 not found
MT3 for 92233 not found
MT  3 20 for 92233 not found
Create input file for pfns for k= 18 and energy number 3 (out of 10)
MT3 for 92233 not found
MT  3 19 for 92233 not found
MT3 for 92233 not found
MT  3 20 for 92233 not found
Create input file for pfns for k= 19 and energy number 3 (out of 10)
MT3 for 92233 not found
MT  3 19 for 92233 not found
MT3 for 92233 not found
MT  3 20 for 92233 not found
Create input file for pfns for k= 20 and energy number 3 (out of 10)
MT3 for 92233 not found
MT  3 19 for 92233 not found
MT3 for 92233 not found
MT  3 20 for 92233 not found
Create input file for pfns for k= 0 and energy number 4 (out of 10)
------LF=  1 , representation as tabulated values
------Energy 7.0 MeV found
 ... calculate ratios
MT3 for 92233 not found
MT  3 19 for 92233 not found
MT3 for 92233 not found
MT  3 20 for 92233 not found
Create input file for pfns for k= 1 and energy number 4 (out of 10)
MT3 for 92233 not found
MT  3 19 for 92233 not found
MT3 for 92233 not found
MT  3 20 for 92233 not found
Create input file for pfns for k= 2 and energy number 4 (out of 10)
MT3 for 92233 not found
MT  3 19 for 92233 not found
MT3 for 92233 not found
MT  3 20 for 92233 not found
Create input file for pfns for k= 3 and energy number 4 (out of 10)
MT3 for 92233 not found
MT  3 19 for 92233 not found
MT3 for 92233 not found
MT  3 20 for 92233 not found
Create input file for pfns for k= 4 and energy number 4 (out of 10)
MT3 for 92233 not found
MT  3 19 for 92233 not found
MT3 for 92233 not found
MT  3 20 for 92233 not found
Create input file for pfns for k= 5 and energy number 4 (out of 10)
MT3 for 92233 not found
MT  3 19 for 92233 not found
MT3 for 92233 not found
MT  3 20 for 92233 not found
Create input file for pfns for k= 6 and energy number 4 (out of 10)
MT3 for 92233 not found
MT  3 19 for 92233 not found
MT3 for 92233 not found
MT  3 20 for 92233 not found
Create input file for pfns for k= 7 and energy number 4 (out of 10)
MT3 for 92233 not found
MT  3 19 for 92233 not found
MT3 for 92233 not found
MT  3 20 for 92233 not found
Create input file for pfns for k= 8 and energy number 4 (out of 10)
MT3 for 92233 not found
MT  3 19 for 92233 not found
MT3 for 92233 not found
MT  3 20 for 92233 not found
Create input file for pfns for k= 9 and energy number 4 (out of 10)
MT3 for 92233 not found
MT  3 19 for 92233 not found
MT3 for 92233 not found
MT  3 20 for 92233 not found
Create input file for pfns for k= 10 and energy number 4 (out of 10)
MT3 for 92233 not found
MT  3 19 for 92233 not found
MT3 for 92233 not found
MT  3 20 for 92233 not found
Create input file for pfns for k= 11 and energy number 4 (out of 10)
MT3 for 92233 not found
MT  3 19 for 92233 not found
MT3 for 92233 not found
MT  3 20 for 92233 not found
Create input file for pfns for k= 12 and energy number 4 (out of 10)
MT3 for 92233 not found
MT  3 19 for 92233 not found
MT3 for 92233 not found
MT  3 20 for 92233 not found
Create input file for pfns for k= 13 and energy number 4 (out of 10)
MT3 for 92233 not found
MT  3 19 for 92233 not found
MT3 for 92233 not found
MT  3 20 for 92233 not found
Create input file for pfns for k= 14 and energy number 4 (out of 10)
MT3 for 92233 not found
MT  3 19 for 92233 not found
MT3 for 92233 not found
MT  3 20 for 92233 not found
Create input file for pfns for k= 15 and energy number 4 (out of 10)
MT3 for 92233 not found
MT  3 19 for 92233 not found
MT3 for 92233 not found
MT  3 20 for 92233 not found
Create input file for pfns for k= 16 and energy number 4 (out of 10)
MT3 for 92233 not found
MT  3 19 for 92233 not found
MT3 for 92233 not found
MT  3 20 for 92233 not found
Create input file for pfns for k= 17 and energy number 4 (out of 10)
MT3 for 92233 not found
MT  3 19 for 92233 not found
MT3 for 92233 not found
MT  3 20 for 92233 not found
Create input file for pfns for k= 18 and energy number 4 (out of 10)
MT3 for 92233 not found
MT  3 19 for 92233 not found
MT3 for 92233 not found
MT  3 20 for 92233 not found
Create input file for pfns for k= 19 and energy number 4 (out of 10)
MT3 for 92233 not found
MT  3 19 for 92233 not found
MT3 for 92233 not found
MT  3 20 for 92233 not found
Create input file for pfns for k= 20 and energy number 4 (out of 10)
MT3 for 92233 not found
MT  3 19 for 92233 not found
MT3 for 92233 not found
MT  3 20 for 92233 not found
Create input file for pfns for k= 0 and energy number 5 (out of 10)
------LF=  1 , representation as tabulated values
------Energy 10.0 MeV found
 ... calculate ratios
MT3 for 92233 not found
MT  3 19 for 92233 not found
MT3 for 92233 not found
MT  3 20 for 92233 not found
Create input file for pfns for k= 1 and energy number 5 (out of 10)
MT3 for 92233 not found
MT  3 19 for 92233 not found
MT3 for 92233 not found
MT  3 20 for 92233 not found
Create input file for pfns for k= 2 and energy number 5 (out of 10)
MT3 for 92233 not found
MT  3 19 for 92233 not found
MT3 for 92233 not found
MT  3 20 for 92233 not found
Create input file for pfns for k= 3 and energy number 5 (out of 10)
MT3 for 92233 not found
MT  3 19 for 92233 not found
MT3 for 92233 not found
MT  3 20 for 92233 not found
Create input file for pfns for k= 4 and energy number 5 (out of 10)
MT3 for 92233 not found
MT  3 19 for 92233 not found
MT3 for 92233 not found
MT  3 20 for 92233 not found
Create input file for pfns for k= 5 and energy number 5 (out of 10)
MT3 for 92233 not found
MT  3 19 for 92233 not found
MT3 for 92233 not found
MT  3 20 for 92233 not found
Create input file for pfns for k= 6 and energy number 5 (out of 10)
MT3 for 92233 not found
MT  3 19 for 92233 not found
MT3 for 92233 not found
MT  3 20 for 92233 not found
Create input file for pfns for k= 7 and energy number 5 (out of 10)
MT3 for 92233 not found
MT  3 19 for 92233 not found
MT3 for 92233 not found
MT  3 20 for 92233 not found
Create input file for pfns for k= 8 and energy number 5 (out of 10)
MT3 for 92233 not found
MT  3 19 for 92233 not found
MT3 for 92233 not found
MT  3 20 for 92233 not found
Create input file for pfns for k= 9 and energy number 5 (out of 10)
MT3 for 92233 not found
MT  3 19 for 92233 not found
MT3 for 92233 not found
MT  3 20 for 92233 not found
Create input file for pfns for k= 10 and energy number 5 (out of 10)
MT3 for 92233 not found
MT  3 19 for 92233 not found
MT3 for 92233 not found
MT  3 20 for 92233 not found
Create input file for pfns for k= 11 and energy number 5 (out of 10)
MT3 for 92233 not found
MT  3 19 for 92233 not found
MT3 for 92233 not found
MT  3 20 for 92233 not found
Create input file for pfns for k= 12 and energy number 5 (out of 10)
MT3 for 92233 not found
MT  3 19 for 92233 not found
MT3 for 92233 not found
MT  3 20 for 92233 not found
Create input file for pfns for k= 13 and energy number 5 (out of 10)
MT3 for 92233 not found
MT  3 19 for 92233 not found
MT3 for 92233 not found
MT  3 20 for 92233 not found
Create input file for pfns for k= 14 and energy number 5 (out of 10)
MT3 for 92233 not found
MT  3 19 for 92233 not found
MT3 for 92233 not found
MT  3 20 for 92233 not found
Create input file for pfns for k= 15 and energy number 5 (out of 10)
MT3 for 92233 not found
MT  3 19 for 92233 not found
MT3 for 92233 not found
MT  3 20 for 92233 not found
Create input file for pfns for k= 16 and energy number 5 (out of 10)
MT3 for 92233 not found
MT  3 19 for 92233 not found
MT3 for 92233 not found
MT  3 20 for 92233 not found
Create input file for pfns for k= 17 and energy number 5 (out of 10)
MT3 for 92233 not found
MT  3 19 for 92233 not found
MT3 for 92233 not found
MT  3 20 for 92233 not found
Create input file for pfns for k= 18 and energy number 5 (out of 10)
MT3 for 92233 not found
MT  3 19 for 92233 not found
MT3 for 92233 not found
MT  3 20 for 92233 not found
Create input file for pfns for k= 19 and energy number 5 (out of 10)
MT3 for 92233 not found
MT  3 19 for 92233 not found
MT3 for 92233 not found
MT  3 20 for 92233 not found
Create input file for pfns for k= 20 and energy number 5 (out of 10)
MT3 for 92233 not found
MT  3 19 for 92233 not found
MT3 for 92233 not found
MT  3 20 for 92233 not found
Create input file for pfns for k= 0 and energy number 6 (out of 10)
------LF=  1 , representation as tabulated values
------Energy 12.2 MeV not found
 ... calculate ratios
MT3 for 92233 not found
MT  3 19 for 92233 not found
MT3 for 92233 not found
MT  3 20 for 92233 not found
Create input file for pfns for k= 1 and energy number 6 (out of 10)
MT3 for 92233 not found
MT  3 19 for 92233 not found
MT3 for 92233 not found
MT  3 20 for 92233 not found
Create input file for pfns for k= 2 and energy number 6 (out of 10)
MT3 for 92233 not found
MT  3 19 for 92233 not found
MT3 for 92233 not found
MT  3 20 for 92233 not found
Create input file for pfns for k= 3 and energy number 6 (out of 10)
MT3 for 92233 not found
MT  3 19 for 92233 not found
MT3 for 92233 not found
MT  3 20 for 92233 not found
Create input file for pfns for k= 4 and energy number 6 (out of 10)
MT3 for 92233 not found
MT  3 19 for 92233 not found
MT3 for 92233 not found
MT  3 20 for 92233 not found
Create input file for pfns for k= 5 and energy number 6 (out of 10)
MT3 for 92233 not found
MT  3 19 for 92233 not found
MT3 for 92233 not found
MT  3 20 for 92233 not found
Create input file for pfns for k= 6 and energy number 6 (out of 10)
MT3 for 92233 not found
MT  3 19 for 92233 not found
MT3 for 92233 not found
MT  3 20 for 92233 not found
Create input file for pfns for k= 7 and energy number 6 (out of 10)
MT3 for 92233 not found
MT  3 19 for 92233 not found
MT3 for 92233 not found
MT  3 20 for 92233 not found
Create input file for pfns for k= 8 and energy number 6 (out of 10)
MT3 for 92233 not found
MT  3 19 for 92233 not found
MT3 for 92233 not found
MT  3 20 for 92233 not found
Create input file for pfns for k= 9 and energy number 6 (out of 10)
MT3 for 92233 not found
MT  3 19 for 92233 not found
MT3 for 92233 not found
MT  3 20 for 92233 not found
Create input file for pfns for k= 10 and energy number 6 (out of 10)
MT3 for 92233 not found
MT  3 19 for 92233 not found
MT3 for 92233 not found
MT  3 20 for 92233 not found
Create input file for pfns for k= 11 and energy number 6 (out of 10)
MT3 for 92233 not found
MT  3 19 for 92233 not found
MT3 for 92233 not found
MT  3 20 for 92233 not found
Create input file for pfns for k= 12 and energy number 6 (out of 10)
MT3 for 92233 not found
MT  3 19 for 92233 not found
MT3 for 92233 not found
MT  3 20 for 92233 not found
Create input file for pfns for k= 13 and energy number 6 (out of 10)
MT3 for 92233 not found
MT  3 19 for 92233 not found
MT3 for 92233 not found
MT  3 20 for 92233 not found
Create input file for pfns for k= 14 and energy number 6 (out of 10)
MT3 for 92233 not found
MT  3 19 for 92233 not found
MT3 for 92233 not found
MT  3 20 for 92233 not found
Create input file for pfns for k= 15 and energy number 6 (out of 10)
MT3 for 92233 not found
MT  3 19 for 92233 not found
MT3 for 92233 not found
MT  3 20 for 92233 not found
Create input file for pfns for k= 16 and energy number 6 (out of 10)
MT3 for 92233 not found
MT  3 19 for 92233 not found
MT3 for 92233 not found
MT  3 20 for 92233 not found
Create input file for pfns for k= 17 and energy number 6 (out of 10)
MT3 for 92233 not found
MT  3 19 for 92233 not found
MT3 for 92233 not found
MT  3 20 for 92233 not found
Create input file for pfns for k= 18 and energy number 6 (out of 10)
MT3 for 92233 not found
MT  3 19 for 92233 not found
MT3 for 92233 not found
MT  3 20 for 92233 not found
Create input file for pfns for k= 19 and energy number 6 (out of 10)
MT3 for 92233 not found
MT  3 19 for 92233 not found
MT3 for 92233 not found
MT  3 20 for 92233 not found
Create input file for pfns for k= 20 and energy number 6 (out of 10)
MT3 for 92233 not found
MT  3 19 for 92233 not found
MT3 for 92233 not found
MT  3 20 for 92233 not found
Create input file for pfns for k= 0 and energy number 7 (out of 10)
------LF=  1 , representation as tabulated values
------Energy 15.0 MeV found
 ... calculate ratios
MT3 for 92233 not found
MT  3 19 for 92233 not found
MT3 for 92233 not found
MT  3 20 for 92233 not found
Create input file for pfns for k= 1 and energy number 7 (out of 10)
MT3 for 92233 not found
MT  3 19 for 92233 not found
MT3 for 92233 not found
MT  3 20 for 92233 not found
Create input file for pfns for k= 2 and energy number 7 (out of 10)
MT3 for 92233 not found
MT  3 19 for 92233 not found
MT3 for 92233 not found
MT  3 20 for 92233 not found
Create input file for pfns for k= 3 and energy number 7 (out of 10)
MT3 for 92233 not found
MT  3 19 for 92233 not found
MT3 for 92233 not found
MT  3 20 for 92233 not found
Create input file for pfns for k= 4 and energy number 7 (out of 10)
MT3 for 92233 not found
MT  3 19 for 92233 not found
MT3 for 92233 not found
MT  3 20 for 92233 not found
Create input file for pfns for k= 5 and energy number 7 (out of 10)
MT3 for 92233 not found
MT  3 19 for 92233 not found
MT3 for 92233 not found
MT  3 20 for 92233 not found
Create input file for pfns for k= 6 and energy number 7 (out of 10)
MT3 for 92233 not found
MT  3 19 for 92233 not found
MT3 for 92233 not found
MT  3 20 for 92233 not found
Create input file for pfns for k= 7 and energy number 7 (out of 10)
MT3 for 92233 not found
MT  3 19 for 92233 not found
MT3 for 92233 not found
MT  3 20 for 92233 not found
Create input file for pfns for k= 8 and energy number 7 (out of 10)
MT3 for 92233 not found
MT  3 19 for 92233 not found
MT3 for 92233 not found
MT  3 20 for 92233 not found
Create input file for pfns for k= 9 and energy number 7 (out of 10)
MT3 for 92233 not found
MT  3 19 for 92233 not found
MT3 for 92233 not found
MT  3 20 for 92233 not found
Create input file for pfns for k= 10 and energy number 7 (out of 10)
MT3 for 92233 not found
MT  3 19 for 92233 not found
MT3 for 92233 not found
MT  3 20 for 92233 not found
Create input file for pfns for k= 11 and energy number 7 (out of 10)
MT3 for 92233 not found
MT  3 19 for 92233 not found
MT3 for 92233 not found
MT  3 20 for 92233 not found
Create input file for pfns for k= 12 and energy number 7 (out of 10)
MT3 for 92233 not found
MT  3 19 for 92233 not found
MT3 for 92233 not found
MT  3 20 for 92233 not found
Create input file for pfns for k= 13 and energy number 7 (out of 10)
MT3 for 92233 not found
MT  3 19 for 92233 not found
MT3 for 92233 not found
MT  3 20 for 92233 not found
Create input file for pfns for k= 14 and energy number 7 (out of 10)
MT3 for 92233 not found
MT  3 19 for 92233 not found
MT3 for 92233 not found
MT  3 20 for 92233 not found
Create input file for pfns for k= 15 and energy number 7 (out of 10)
MT3 for 92233 not found
MT  3 19 for 92233 not found
MT3 for 92233 not found
MT  3 20 for 92233 not found
Create input file for pfns for k= 16 and energy number 7 (out of 10)
MT3 for 92233 not found
MT  3 19 for 92233 not found
MT3 for 92233 not found
MT  3 20 for 92233 not found
Create input file for pfns for k= 17 and energy number 7 (out of 10)
MT3 for 92233 not found
MT  3 19 for 92233 not found
MT3 for 92233 not found
MT  3 20 for 92233 not found
Create input file for pfns for k= 18 and energy number 7 (out of 10)
MT3 for 92233 not found
MT  3 19 for 92233 not found
MT3 for 92233 not found
MT  3 20 for 92233 not found
Create input file for pfns for k= 19 and energy number 7 (out of 10)
MT3 for 92233 not found
MT  3 19 for 92233 not found
MT3 for 92233 not found
MT  3 20 for 92233 not found
Create input file for pfns for k= 20 and energy number 7 (out of 10)
MT3 for 92233 not found
MT  3 19 for 92233 not found
MT3 for 92233 not found
MT  3 20 for 92233 not found
Create input file for pfns for k= 0 and energy number 8 (out of 10)
------LF=  1 , representation as tabulated values
------Energy 18.0 MeV found
 ... calculate ratios
MT3 for 92233 not found
MT  3 19 for 92233 not found
MT3 for 92233 not found
MT  3 20 for 92233 not found
Create input file for pfns for k= 1 and energy number 8 (out of 10)
MT3 for 92233 not found
MT  3 19 for 92233 not found
MT3 for 92233 not found
MT  3 20 for 92233 not found
Create input file for pfns for k= 2 and energy number 8 (out of 10)
MT3 for 92233 not found
MT  3 19 for 92233 not found
MT3 for 92233 not found
MT  3 20 for 92233 not found
Create input file for pfns for k= 3 and energy number 8 (out of 10)
MT3 for 92233 not found
MT  3 19 for 92233 not found
MT3 for 92233 not found
MT  3 20 for 92233 not found
Create input file for pfns for k= 4 and energy number 8 (out of 10)
MT3 for 92233 not found
MT  3 19 for 92233 not found
MT3 for 92233 not found
MT  3 20 for 92233 not found
Create input file for pfns for k= 5 and energy number 8 (out of 10)
MT3 for 92233 not found
MT  3 19 for 92233 not found
MT3 for 92233 not found
MT  3 20 for 92233 not found
Create input file for pfns for k= 6 and energy number 8 (out of 10)
MT3 for 92233 not found
MT  3 19 for 92233 not found
MT3 for 92233 not found
MT  3 20 for 92233 not found
Create input file for pfns for k= 7 and energy number 8 (out of 10)
MT3 for 92233 not found
MT  3 19 for 92233 not found
MT3 for 92233 not found
MT  3 20 for 92233 not found
Create input file for pfns for k= 8 and energy number 8 (out of 10)
MT3 for 92233 not found
MT  3 19 for 92233 not found
MT3 for 92233 not found
MT  3 20 for 92233 not found
Create input file for pfns for k= 9 and energy number 8 (out of 10)
MT3 for 92233 not found
MT  3 19 for 92233 not found
MT3 for 92233 not found
MT  3 20 for 92233 not found
Create input file for pfns for k= 10 and energy number 8 (out of 10)
MT3 for 92233 not found
MT  3 19 for 92233 not found
MT3 for 92233 not found
MT  3 20 for 92233 not found
Create input file for pfns for k= 11 and energy number 8 (out of 10)
MT3 for 92233 not found
MT  3 19 for 92233 not found
MT3 for 92233 not found
MT  3 20 for 92233 not found
Create input file for pfns for k= 12 and energy number 8 (out of 10)
MT3 for 92233 not found
MT  3 19 for 92233 not found
MT3 for 92233 not found
MT  3 20 for 92233 not found
Create input file for pfns for k= 13 and energy number 8 (out of 10)
MT3 for 92233 not found
MT  3 19 for 92233 not found
MT3 for 92233 not found
MT  3 20 for 92233 not found
Create input file for pfns for k= 14 and energy number 8 (out of 10)
MT3 for 92233 not found
MT  3 19 for 92233 not found
MT3 for 92233 not found
MT  3 20 for 92233 not found
Create input file for pfns for k= 15 and energy number 8 (out of 10)
MT3 for 92233 not found
MT  3 19 for 92233 not found
MT3 for 92233 not found
MT  3 20 for 92233 not found
Create input file for pfns for k= 16 and energy number 8 (out of 10)
MT3 for 92233 not found
MT  3 19 for 92233 not found
MT3 for 92233 not found
MT  3 20 for 92233 not found
Create input file for pfns for k= 17 and energy number 8 (out of 10)
MT3 for 92233 not found
MT  3 19 for 92233 not found
MT3 for 92233 not found
MT  3 20 for 92233 not found
Create input file for pfns for k= 18 and energy number 8 (out of 10)
MT3 for 92233 not found
MT  3 19 for 92233 not found
MT3 for 92233 not found
MT  3 20 for 92233 not found
Create input file for pfns for k= 19 and energy number 8 (out of 10)
MT3 for 92233 not found
MT  3 19 for 92233 not found
MT3 for 92233 not found
MT  3 20 for 92233 not found
Create input file for pfns for k= 20 and energy number 8 (out of 10)
MT3 for 92233 not found
MT  3 19 for 92233 not found
MT3 for 92233 not found
MT  3 20 for 92233 not found
Create input file for pfns for k= 0 and energy number 9 (out of 10)
------LF=  1 , representation as tabulated values
------Energy 20.0 MeV found
 ... calculate ratios
MT3 for 92233 not found
MT  3 19 for 92233 not found
MT3 for 92233 not found
MT  3 20 for 92233 not found
Create input file for pfns for k= 1 and energy number 9 (out of 10)
MT3 for 92233 not found
MT  3 19 for 92233 not found
MT3 for 92233 not found
MT  3 20 for 92233 not found
Create input file for pfns for k= 2 and energy number 9 (out of 10)
MT3 for 92233 not found
MT  3 19 for 92233 not found
MT3 for 92233 not found
MT  3 20 for 92233 not found
Create input file for pfns for k= 3 and energy number 9 (out of 10)
MT3 for 92233 not found
MT  3 19 for 92233 not found
MT3 for 92233 not found
MT  3 20 for 92233 not found
Create input file for pfns for k= 4 and energy number 9 (out of 10)
MT3 for 92233 not found
MT  3 19 for 92233 not found
MT3 for 92233 not found
MT  3 20 for 92233 not found
Create input file for pfns for k= 5 and energy number 9 (out of 10)
MT3 for 92233 not found
MT  3 19 for 92233 not found
MT3 for 92233 not found
MT  3 20 for 92233 not found
Create input file for pfns for k= 6 and energy number 9 (out of 10)
MT3 for 92233 not found
MT  3 19 for 92233 not found
MT3 for 92233 not found
MT  3 20 for 92233 not found
Create input file for pfns for k= 7 and energy number 9 (out of 10)
MT3 for 92233 not found
MT  3 19 for 92233 not found
MT3 for 92233 not found
MT  3 20 for 92233 not found
Create input file for pfns for k= 8 and energy number 9 (out of 10)
MT3 for 92233 not found
MT  3 19 for 92233 not found
MT3 for 92233 not found
MT  3 20 for 92233 not found
Create input file for pfns for k= 9 and energy number 9 (out of 10)
MT3 for 92233 not found
MT  3 19 for 92233 not found
MT3 for 92233 not found
MT  3 20 for 92233 not found
Create input file for pfns for k= 10 and energy number 9 (out of 10)
MT3 for 92233 not found
MT  3 19 for 92233 not found
MT3 for 92233 not found
MT  3 20 for 92233 not found
Create input file for pfns for k= 11 and energy number 9 (out of 10)
MT3 for 92233 not found
MT  3 19 for 92233 not found
MT3 for 92233 not found
MT  3 20 for 92233 not found
Create input file for pfns for k= 12 and energy number 9 (out of 10)
MT3 for 92233 not found
MT  3 19 for 92233 not found
MT3 for 92233 not found
MT  3 20 for 92233 not found
Create input file for pfns for k= 13 and energy number 9 (out of 10)
MT3 for 92233 not found
MT  3 19 for 92233 not found
MT3 for 92233 not found
MT  3 20 for 92233 not found
Create input file for pfns for k= 14 and energy number 9 (out of 10)
MT3 for 92233 not found
MT  3 19 for 92233 not found
MT3 for 92233 not found
MT  3 20 for 92233 not found
Create input file for pfns for k= 15 and energy number 9 (out of 10)
MT3 for 92233 not found
MT  3 19 for 92233 not found
MT3 for 92233 not found
MT  3 20 for 92233 not found
Create input file for pfns for k= 16 and energy number 9 (out of 10)
MT3 for 92233 not found
MT  3 19 for 92233 not found
MT3 for 92233 not found
MT  3 20 for 92233 not found
Create input file for pfns for k= 17 and energy number 9 (out of 10)
MT3 for 92233 not found
MT  3 19 for 92233 not found
MT3 for 92233 not found
MT  3 20 for 92233 not found
Create input file for pfns for k= 18 and energy number 9 (out of 10)
MT3 for 92233 not found
MT  3 19 for 92233 not found
MT3 for 92233 not found
MT  3 20 for 92233 not found
Create input file for pfns for k= 19 and energy number 9 (out of 10)
MT3 for 92233 not found
MT  3 19 for 92233 not found
MT3 for 92233 not found
MT  3 20 for 92233 not found
Create input file for pfns for k= 20 and energy number 9 (out of 10)
Extract MF5 MT455
 MF5 MT 455 found in /Users/koning/tanes-1.1/source/Module//../../inputs/lib/endfb8.0.delayed
Extract MF1 MT455
20
rm: fns.correl.out_??: No such file or directory
rm: fns.uncer.out_??: No such file or directory
 Write text for MF1 in file mf1.tanes.txt

-------------------------------------------------------------
-                                                           -
-                TANES: successful end of run               -
-                                                           -
-------------------------------------------------------------

End time: Fri Apr 25 22:10:55 2025

